probing 48 banner hosts through new adapters

  aadssbc1.unmc.edu                      no live pls package
  aadssbc2.unmc.edu                      no live pls package
  banner.delhi.edu                       no live pls package
  banner.uncp.edu                        no live pls package
  banner.uvi.edu                         no live pls package
  banner.wvstateu.edu                    no live pls package
  banner9pprd.framingham.edu             no live pls package
  banner9prod.framingham.edu             no live pls package
  banner9test.framingham.edu             no live pls package
  banner9wkly.framingham.edu             no live pls package
  banneradmin.southernregional.edu       no live pls package
  bannerdevl.oldwestbury.edu             no live pls package
  bannermobile.southernregional.edu      no live pls package
  bannerselfserve.southernregional.edu   no live pls package
  bannertest.oldwestbury.edu             no live pls package
  banssb-lb-test.washburn.edu            no live pls package
  banssb.stlcc.edu                       no live pls package
  banssbdev.stlcc.edu                    no live pls package
  banssbstage.stlcc.edu                  no live pls package
  banssbt.stlcc.edu                      no live pls package
  banssbtest.stlcc.edu                   no live pls package
  banweb.ega.edu                         no live pls package
  banweb.gordonstate.edu                 no live pls package
  banweb.mcla.edu                        no live pls package
  banweb.uvi.edu                         no live pls package
  banweb01.uvi.edu                       no live pls package
  helpdesk.ssbwyo.bank                   no live pls package
  pressbooks.txst.edu                    no live pls package
  prodssb.guamcc.edu                     no live pls package
  prodssbdr.guamcc.edu                   no live pls package
  ssb-neiupprd.neiu.edu                  no live pls package
  ssb.delhi.edu                          no live pls package
  ssb.mssu.edu                           no live pls package
  ssb.neiu.edu                           no live pls package
  ssb.neomed.edu                         no live pls package
  ssb.southernregional.edu               no live pls package
  ssb.stlcc.edu                          no live pls package
  ssb.txst.edu                           no live pls package
  ssb.uvi.edu                            no live pls package
  ssbdev.stlcc.edu                       no live pls package
  ssbtest.neomed.edu                     no live pls package
  ssbtest.stlcc.edu                      no live pls package
  txst.pressbooks.pub                    no live pls package
  uvissb.uvi.edu                         no live pls package
  uvissbp02.uvi.edu                      no live pls package
  uvissbp9.uvi.edu                       no live pls package
  uvissbsas.uvi.edu                      no live pls package
  uvissbt9.uvi.edu                       no live pls package

DONE
